I'm sorry, but errors were detected in your script. Please correct the
errors listed below, and try again.


File "game/gui.rpy", line 206: expected statement.
    efine gui.navigation_button_width = 500
             ^

Ren'Py Version: Ren'Py 7.0.0.196
Mon Jun 04 01:19:42 2018
